"Opportunity Name","Revenue Type","DT Order ID","Amount After Discount","Renewal Amount this Year","Total Invoice Amount","Close Date","Opportunity Owner","License Ordered"
"REN 2/19/2022 DynaTrace Software Inc. - Retail Pack-Renewal Split","Maintenance REN Split","S511478","1495.00","","9995.00","2/27/2021","Tara Ubbens","Division"
"W509015 RENAPI - 2/27/2021 - M. Bohlke Veneer Corp.","CRR Retail Renewal","W509015","900.00","900.00","900.00","2/1/2021","Tara Ubbens","Retail - ESEE"
"W509209 RENAPI - 2/27/2021 - RLD Associates Inc.","CRR Retail Renewal","W509209","900.00","900.00","900.00","2/3/2021","Tara Ubbens","Retail - ESEE"
"RENAPI - 3/7/2021 - Arrowstreet Capital","CRR Retail Renewal","S509558","4295.00","4295.00","4295.00","2/7/2021","Tara Ubbens","Retail - ESEE"
"REN 5/6/2021 Mezcal Technologies, S.A. de C.V. - Retail-Renewal Split","Maintenance REN Split","S509555","445.00","445.00","1440.00","2/8/2021","Tara Ubbens","Retail - ESEE"
"RENAPI - 1/28/2021 - Schuman Cheese","CRR Retail Renewal","S509682","900.00","900.00","900.00","2/9/2021","Tara Ubbens","Retail - ESEE"
"RENAPI - 2/17/2021 - Brotherhood of Locomotive Engineers and Trainmen","CRR Retail Renewal","S509752","900.00","900.00","900.00","2/9/2021","Tara Ubbens","Retail - ESEE"
"REN 3/31/2021 Derby Supply Chain Solutions - Retail Pack","CRR Retail Renewal","S509822","1495.00","1495.00","1495.00","2/10/2021","Tara Ubbens","Retail - ESEE"
"REN 3/7/2021 Projector PSA - Retail via ComponentSource","CRR Retail Renewal","C487001","450.00","450.00","450.00","2/10/2021","Tara Ubbens","Retail - ESEE"
"REN 3/19/2021 Spagnol s.r.l. - Retail","CRR Retail Renewal","S509803","900.00","900.00","900.00","2/10/2021","Tara Ubbens","Retail - ESEE"
"REN 2/4/2021 ACRT Services, Inc - Retail Pack","CRR Retail Renewal","S509845","1495.00","1495.00","1495.00","2/11/2021","Tara Ubbens","Retail - ESEE"
"RENAPI - 1/30/2021 - Advanced Semiconductor Engineering, Inc.","CRR Retail Renewal","S510093","1345.50","1345.50","1345.50","2/11/2021","Tara Ubbens","Retail - ESEE"
"REN 5/21/2021 Quintessential Brands Group  - Retail - CRR Split","Maintenance REN Split","S509794","445.00","445.00","3204.50","2/11/2021","Tara Ubbens","Retail - ESEE"
"REN 4-3-21 Landesbank Baden-Württemberg via Component Source","CRR Retail Renewal","C487263","1012.50","1012.50","1012.50","2/11/2021","Tara Ubbens","Retail - ESEE"
"REN 2/13/2021 Expertplace networks group AG - Retail Pack","CRR Retail Renewal","S510264","1995.00","1995.00","1995.00","2/15/2021","Tara Ubbens","Retail - ESEE"
"REN 2/14/2021 IRISNDT - Retail","CRR Retail Renewal","S510187","2900.00","2900.00","2900.00","2/15/2021","Tara Ubbens","Retail - ESEE"
"REN 3/25/2021 Innovative Edge - Retail Pack","CRR Retail Renewal","S510514","1995.00","1995.00","1995.00","2/17/2021","Tara Ubbens","Retail - ESEE"
"REN 2/19/2021 LinkSoft Pty. Ltd. - Retail Pack","CRR Retail Renewal","S510521","1495.00","1495.00","1495.00","2/18/2021","Tara Ubbens","Retail - ESEE"
"REN 2/28/2021 Schuman Cheese - Retail Pack","CRR Retail Renewal","S510870","1495.00","1495.00","1495.00","2/22/2021","Tara Ubbens","Retail - ESEE"
"RENAPI - 2/21/2021 - Ruoff Home Mortgage","CRR Retail Renewal","S510940","1995.00","1995.00","1995.00","2/23/2021","Tara Ubbens","Retail - ESEE"
"REN 3/6/2021 Wiener Krankenanstaltenverbund IT - Retail via ComponentSource","CRR Retail Renewal","C487800","1345.00","1345.00","1345.00","2/23/2021","Tara Ubbens","Retail - ESEE"
"REN 3/31/2021 Patterson Pumps - Retail","CRR Retail Renewal","S511062","900.00","900.00","900.00","2/24/2021","Tara Ubbens","Retail - ESEE"
"REN 5/21/2021 Pitt Ohio - Retail - CRR Split","CRR Retail Renewal","S511051","900.00","","3897.00","2/25/2021","Tara Ubbens","Retail - ESEE"
"REN 2/16/2021 OBI Smart Technologies GmbH - Retail Pack","CRR Retail Renewal","S511194","1995.00","1995.00","1995.00","2/26/2021","Tara Ubbens","Retail - ESEE"
"NCS - 3/31/2021 Waters Corporation - 5-Pack - CRR Split","CRR Retail Renewal","S511484","890.00","","6614.00","2/26/2021","Tara Ubbens","Retail - ESEE"
"REN 10/15/2021 Downer - Retail - CRR Split","CRR Retail Renewal","S511149","148.33","","1495.00","2/26/2021","Tara Ubbens","Retail - ESEE"
"RENAPI - 2/28/2021 - Georgia System Operations Corporation","CRR Retail Renewal","S511201","1495.00","1495.00","1495.00","2/26/2021","Tara Ubbens","Retail - ESEE"
"RENAPI - 3/9/2021 - Humannet B.V.","CRR Retail Renewal","S511474","1440.00","1440.00","1440.00","2/26/2021","Tara Ubbens","Retail - ESEE"
"REN - 2-17-21 AusNet Services","CRR Retail Renewal","S511238","720.00","720.00","720.00","2/9/2021","Tara Ubbens","Retail - ESEE"
"REN 3/1/2021 Ing. Walter Steingress - Retail","CRR Retail Renewal","S511231","900.00","900.00","900.00","2/26/2021","Tara Ubbens","Retail - ESEE"
"RENAPI - 1/22/2021 - Longines Watches","CRR Retail Renewal","S509149","445.00","445.00","445.00","2/2/2021","Tara Ubbens","Retail - Other"
"RENAPI - 1/22/2021 - Hyster Yale Group","CRR Retail Renewal","S509148","1335.00","1335.00","1335.00","2/2/2021","Tara Ubbens","Retail - Other"
"RENAPI - 1/3/2021 - Dr. Starke Managementsysteme","CRR Retail Renewal","S509154","445.00","445.00","445.00","2/2/2021","Tara Ubbens","Retail - Other"
"RENAPI - 2/8/2021 - SMS Labruyere","CRR Retail Renewal","S509236","890.00","890.00","890.00","2/3/2021","Tara Ubbens","Retail - Other"
"RENAPI - 1/20/2021 - Pursue Health LLC","CRR Retail Renewal","S509237","445.00","445.00","445.00","2/3/2021","Tara Ubbens","Retail - Other"
"RENAPI - 1/8/2021 - Assist Digital","CRR Retail Renewal","S509238","445.00","445.00","445.00","2/3/2021","Tara Ubbens","Retail - Other"
"W509188 REN 3/21/2021 Exalogic, s.r.o. - Retail","CRR Retail Renewal","W509188","445.00","445.00","445.00","2/3/2021","Tara Ubbens","Retail - Other"
"REN 2/27/2021 Assist Digital - Retail","CRR Retail Renewal","S509240","445.00","445.00","445.00","2/3/2021","Tara Ubbens","Retail - Other"
"RENAPI - 2/5/2021 - Beecher Carlson","CRR Retail Renewal","W509291","445.00","445.00","445.00","2/4/2021","Tara Ubbens","Retail - Other"
"RENAPI - 1/27/2021 - Naqel Express","CRR Retail Renewal","S509284","445.00","445.00","445.00","2/4/2021","Tara Ubbens","Retail - Other"
"W509264 RENAPI - 2/1/2021 - HMSWeb Tecnologia da Informação Ltda","CRR Retail Renewal","W509264","890.00","890.00","890.00","2/4/2021","Tara Ubbens","Retail - Other"
"REN 3/15/2021 Sync1 Systems - Retail","CRR Retail Renewal","S509325","3000.00","3000.00","3000.00","2/4/2021","Tara Ubbens","Retail - Other"
"W509257 REN 2/25/2021 oho360 GmbH - Retail","CRR Retail Renewal","W509257","445.00","445.00","445.00","2/4/2021","Tara Ubbens","Retail - Other"
"REN 2/10/2021 eRetail Cybertech Pvt Ltd - Retail","CRR Retail Renewal","S509301","445.00","445.00","445.00","2/4/2021","Tara Ubbens","Retail - Other"
"RENAPI - 1/31/2021 - GLASER -isb cad","CRR Retail Renewal","S511438","6007.50","6007.50","6007.50","2/5/2021","Tara Ubbens","Retail - Other"
"W509436 RENAPI - 2/2/2021 - Advellence Solutions AG","CRR Retail Renewal","W509436","445.00","445.00","445.00","2/6/2021","Tara Ubbens","Retail - Other"
"W509583 REN 2/7/2021 Navegate - Retail","CRR Retail Renewal","W509583","445.00","445.00","445.00","2/8/2021","Tara Ubbens","Retail - Other"
"REN 2/7/2021 GCTS Testing Systems - Retail","CRR Retail Renewal","S509742","445.00","445.00","445.00","2/9/2021","Tara Ubbens","Retail - Other"
"REN 2/6/2021 Styrkelabbet AB - Retail","CRR Retail Renewal","S509683","295.00","295.00","295.00","2/9/2021","Tara Ubbens","Retail - Other"
"RENAPI - 1/31/2021 - Material Handling Systems","CRR Retail Renewal","S509686","890.00","890.00","890.00","2/9/2021","Tara Ubbens","Retail - Other"
"RENAPI - 2/28/2021 - Georgia Public Service Commission","CRR Retail Renewal","S509678","1335.00","1335.00","1335.00","2/9/2021","Tara Ubbens","Retail - Other"
"REN 2/19/2021 Mahuta Digital - Retail","CRR Retail Renewal","S509724","445.00","445.00","445.00","2/9/2021","Tara Ubbens","Retail - Other"
"REN 3/10/2021 Henkels & McCoy, Inc. - Retail","CRR Retail Renewal","S509744","445.00","445.00","445.00","2/10/2021","Tara Ubbens","Retail - Other"
"REN 5/8/2021 Bloomberg L.P. via Insight-Renewal Split","Maintenance REN Split","S509750","1895.25","","6890.25","2/10/2021","Tara Ubbens","Retail - Other"
"RENAPI - 1/21/2021 - ProjectSoft HK a.s.","CRR Retail Renewal","S509746","445.00","445.00","445.00","2/10/2021","Tara Ubbens","Retail - Other"
"REN 2/10/2021 Centredoc - Retail","CRR Retail Renewal","S509813","890.00","890.00","890.00","2/10/2021","Tara Ubbens","Retail - Other"
"W509757 REN 2/16/2021 Element Industrial Solutions Inc. - Retail","CRR Retail Renewal","W509757","445.00","445.00","445.00","2/10/2021","Tara Ubbens","Retail - Other"
"REN 2/15/2021 Integrityone Partners - Retail","CRR Retail Renewal","S509830","445.00","445.00","445.00","2/10/2021","Tara Ubbens","Retail - Other"
"RENAPI - 2/18/2021 - Pipeline Srl","CRR Retail Renewal","S509906","890.00","890.00","890.00","2/11/2021","Tara Ubbens","Retail - Other"
"RENAPI - 1/14/2021 - SMS Digital GmbH","CRR Retail Renewal","S509820","445.00","445.00","445.00","2/11/2021","Tara Ubbens","Retail - Other"
"RENAPI - 1/24/2021 - Smooth Fusion","CRR Retail Renewal","S509821","445.00","445.00","445.00","2/11/2021","Tara Ubbens","Retail - Other"
"REN 3/13/2021 G team sro - Retail","CRR Retail Renewal","S509909","445.00","445.00","445.00","2/11/2021","Tara Ubbens","Retail - Other"
"W509880 REN 2/24/2021 TQG Systemberatung GmbH - Retail","CRR Retail Renewal","W509880","445.00","445.00","445.00","2/12/2021","Tara Ubbens","Retail - Other"
"RENAPI - 1/24/2021 - SES Techcom Services","CRR Retail Renewal","S510192","890.00","890.00","890.00","2/15/2021","Tara Ubbens","Retail - Other"
"W510226 RENAPI - 1/30/2021 - Cambridge Business Initiatives","CRR Retail Renewal","W510226","445.00","445.00","445.00","2/17/2021","Tara Ubbens","Retail - Other"
"W509292 - REN 2/6/2022 Beecher Carlson - File Format Subscription","CRR Retail Renewal","W509292","445.00","445.00","445.00","2/17/2021","Tara Ubbens","Retail - Other"
"REN 2/24/2021 28 Lightbulbs - Retail","CRR Retail Renewal","S510286","445.00","445.00","445.00","2/17/2021","Tara Ubbens","Retail - Other"
"REN 3/13/2021 DL Software - Retail","CRR Retail Renewal","S510339","445.00","445.00","445.00","2/17/2021","Tara Ubbens","Retail - Other"
"REN 2/21/2021 Cantaluppi & Hug AG - Retail","CRR Retail Renewal","S510394","445.00","445.00","445.00","2/17/2021","Tara Ubbens","Retail - Other"
"REN 1/30/2021 CNAO Foundation - Retail via ComponentSource","CRR Retail Renewal","C487172","222.50","222.50","222.50","2/17/2021","Tara Ubbens","Retail - Other"
"REN 2/25/2021 Genetic Performance Solutions LLC - Retail","CRR Retail Renewal","S510383","445.00","445.00","445.00","2/17/2021","Tara Ubbens","Retail - Other"
"REN 3/12/2021 Wick Buildings, LLC - Retail","CRR Retail Renewal","S510389","890.00","890.00","890.00","2/17/2021","Tara Ubbens","Retail - Other"
"REN 3/1/2021 Elliott Electric Supply - Retail","CRR Retail Renewal","S511045","890.00","890.00","890.00","2/17/2021","Tara Ubbens","Retail - Other"
"RENAPI - 1/31/2021 - Skillweb","CRR Retail Renewal","S510468","445.00","445.00","445.00","2/18/2021","Tara Ubbens","Retail - Other"
"RENAPI - 1/31/2021 - Open office pty ltd","CRR Retail Renewal","S510469","445.00","445.00","445.00","2/18/2021","Tara Ubbens","Retail - Other"
"W510378 RENAPI - 1/19/2021 - HUVRData","CRR Retail Renewal","W510378","445.00","445.00","445.00","2/18/2021","Tara Ubbens","Retail - Other"
"W510330 REN 3/11/2021 Eko sklad - Retail","CRR Retail Renewal","W510330","445.00","445.00","445.00","2/18/2021","Tara Ubbens","Retail - Other"
"W510312 REN 2/17/2021 Bill-X GmbH - Retail","CRR Retail Renewal","W510312","445.00","445.00","445.00","2/18/2021","Tara Ubbens","Retail - Other"
"W510379 REN 1/20/2022 HUVRData - Retail","CRR Retail Renewal","W510379","445.00","445.00","445.00","2/19/2021","Tara Ubbens","Retail - Other"
"REN 2/4/2021 The Lubrizol Corporation - Retail - CRR Split","CRR Retail Renewal","S510455","445.00","445.00","1440.00","2/19/2021","Tara Ubbens","Retail - Other"
"W510711 REN 2/5/2021 Meilleurtauxsolutions - Retail","CRR Retail Renewal","W510711","445.00","445.00","445.00","2/22/2021","Tara Ubbens","Retail - Other"
"RENAPI - 2/27/2021 - Notastic GmbH","CRR Retail Renewal","S510872","445.00","445.00","445.00","2/22/2021","Tara Ubbens","Retail - Other"
"W510676 RENAPI - 1/31/2021 - Options Informatique","CRR Retail Renewal","W510676","1780.00","1780.00","1780.00","2/22/2021","Tara Ubbens","Retail - Other"
"RENAPI - 1/30/2021 - AutoNation via ComponentSource","CRR Retail Renewal","C487333","445.00","445.00","445.00","2/22/2021","Tara Ubbens","Retail - Other"
"RENAPI - 2/28/2021 - Ramboll","CRR Retail Renewal","S510873","445.00","445.00","445.00","2/22/2021","Tara Ubbens","Retail - Other"
"RENAPI - 2/28/2021 - Origo","CRR Retail Renewal","S510876","890.00","890.00","890.00","2/22/2021","Tara Ubbens","Retail - Other"
"W510732 REN 2/20/2021 Ramsey Solutions - Retail","CRR Retail Renewal","W510732","890.00","890.00","890.00","2/22/2021","Tara Ubbens","Retail - Other"
"REN 3/26/2021 Design Center, Inc - Retail","CRR Retail Renewal","S511059","445.00","445.00","445.00","2/22/2021","Tara Ubbens","Retail - Other"
"REN 3/15/2021 D3 Intelligence LLC - Retail","CRR Retail Renewal","S510871","445.00","445.00","445.00","2/22/2021","Tara Ubbens","Retail - Other"
"REN 2/18/2021 Individual Health Systems AS  - Retail","CRR Retail Renewal","S510874","445.00","445.00","445.00","2/22/2021","Tara Ubbens","Retail - Other"
"RENAPI - 3/12/2021 - Gravic Inc. via ComponentSource","CRR Retail Renewal","C487925","445.00","445.00","445.00","2/23/2021","Tara Ubbens","Retail - Other"
"REN 2/21/2021 optengo - Retail","CRR Retail Renewal","S510875","445.00","445.00","445.00","2/23/2021","Tara Ubbens","Retail - Other"
"RENAPI - 2/7/2021 - Papiers White Birch","CRR Retail Renewal","S511033","445.00","445.00","445.00","2/24/2021","Tara Ubbens","Retail - Other"
"RENAPI - 2/28/2021 - Insight Investment","CRR Retail Renewal","S510969","890.00","890.00","890.00","2/24/2021","Tara Ubbens","Retail - Other"
"REN 2/25/2021 Porsche - Retail","CRR Retail Renewal","C487962","445.00","445.00","445.00","2/24/2021","Tara Ubbens","Retail - Other"
"W510911 REN 3/3/2021 pro aurum GmbH - Retail","CRR Retail Renewal","W510911","445.00","445.00","445.00","2/24/2021","Tara Ubbens","Retail - Other"
"W510915 REN 3/24/2021 pro aurum GmbH - Retail","CRR Retail Renewal","W510915","445.00","445.00","445.00","2/24/2021","Tara Ubbens","Retail - Other"
"RENAPI - 2/28/2021 - MYPOS Technologies Private limited","CRR Retail Renewal","S511133","445.00","445.00","445.00","2/25/2021","Tara Ubbens","Retail - Other"
"RENAPI - 3/23/2021 - Appion Inc.","CRR Retail Renewal","S511191","585.00","585.00","585.00","2/25/2021","Tara Ubbens","Retail - Other"
"REN 3/4/2021 Agidens International Nv - Retail","CRR Retail Renewal","S511198","445.00","445.00","445.00","2/25/2021","Tara Ubbens","Retail - Other"
"REN 3/29/2021 State of Louisiana - Retail","CRR Retail Renewal","S511177","890.00","890.00","890.00","2/25/2021","Tara Ubbens","Retail - Other"
"REN 3/11/2021 BTC Solutions Limited - Retail","CRR Retail Renewal","S511182","445.00","445.00","445.00","2/25/2021","Tara Ubbens","Retail - Other"
"RENAPI - 2/19/2021 - Swedish Maritime Administration","CRR Retail Renewal","S511236","445.00","445.00","445.00","2/26/2021","Tara Ubbens","Retail - Other"
"RENAPI - 2/5/2021 - Wipro Gallagher Solutions, LLC","CRR Retail Renewal","S511381","2225.00","2225.00","2225.00","2/26/2021","Tara Ubbens","Retail - Other"
"REN 2/4/2021 Sensormate AG - Retail","CRR Retail Renewal","S511205","445.00","445.00","445.00","2/26/2021","Tara Ubbens","Retail - Other"
"REN 3/13/2021 Rimsys - Regulatory Management Software- Retail","CRR Retail Renewal","S511242","445.00","445.00","445.00","2/26/2021","Tara Ubbens","Retail - Other"
"REN 2-28-21 Trane Technologies","CRR Retail Renewal","S511380","890.00","890.00","890.00","2/26/2021","Tara Ubbens","Retail - Other"
"W511186 REN 3/6/2021 MAPLES FUND SERVICES - Retail","CRR Retail Renewal","W511186","445.00","445.00","445.00","2/26/2021","Tara Ubbens","Retail - Other"
"REN 3/7/2021 eProduct - Retail","CRR Retail Renewal","S511377","445.00","445.00","445.00","2/26/2021","Tara Ubbens","Retail - Other"
"REN 3/9/2021 Kennedy Jenks - Retail","CRR Retail Renewal","S511234","445.00","445.00","445.00","2/26/2021","Tara Ubbens","Retail - Other"
"REN 3/1/2021 IPG Photonics - Retail","CRR Retail Renewal","S511247","445.00","445.00","445.00","2/26/2021","Tara Ubbens","Retail - Other"
"REN 3/20/2021 Bit Informatica Srl - Retail","CRR Retail Renewal","S511241","445.00","445.00","445.00","2/26/2021","Tara Ubbens","Retail - Other"
"REN 3/6/2021 Sync-Line - Retail","CRR Retail Renewal","S511235","445.00","445.00","445.00","2/26/2021","Tara Ubbens","Retail - Other"
"REN 3/31/2021 Odyssey DCS - Retail","CRR Retail Renewal","S511232","445.00","445.00","445.00","2/26/2021","Tara Ubbens","Retail - Other"
"REN 3/2/2021 Omnext BV - Retail","CRR Retail Renewal","S511243","1335.00","1335.00","1335.00","2/26/2021","Tara Ubbens","Retail - Other"
"REN 3/13/2021 Don't Panic Labs - Retail","CRR Retail Renewal","S511248","890.00","890.00","890.00","2/26/2021","Tara Ubbens","Retail - Other"
"REN 3/31/2021 Wavetronix Llc - Retail","CRR Retail Renewal","S511245","445.00","445.00","445.00","2/26/2021","Tara Ubbens","Retail - Other"
"W511401 REN 3/16/2021 Synchro Marketing Australia Pty Limited  - Retail","CRR Retail Renewal","W511401","445.00","445.00","445.00","2/28/2021","Tara Ubbens","Retail - Other"
"W509662 RENAPI - 1/23/2021 - F&W Forestry Services, Inc","CRR Retail Renewal","W509662","445.00","445.00","445.00","2/9/2021","Tara Ubbens","Retail - Other"
"RENAPI - 1/23/2021 - American Recovery Services","CRR Retail Renewal","S510744","445.00","445.00","445.00","2/22/2021","Tara Ubbens","Retail - Other"
"REN 3/27/2021 Vital Soft - Retail","CRR Retail Renewal","S511190","445.00","445.00","445.00","2/25/2021","Tara Ubbens","Retail - Other"
